2026-06-12T20:02:57.691359Z  INFO run{id=01KTYPWDZ9WPMRJMYE7KREAN0T}: fabro_sandbox::sandbox: Sandbox ready provider="local" duration_ms=0
2026-06-12T20:02:57.691487Z  INFO run{id=01KTYPWDZ9WPMRJMYE7KREAN0T}: fabro_workflow::event::events: Sandbox initialized working_directory="/private/tmp/ax2-smoke/docs/alexandria" provider=local id="local:01KTYPWDZ9WPMRJMYE7KREAN0T"
2026-06-12T20:02:57.694668Z  INFO run{id=01KTYPWDZ9WPMRJMYE7KREAN0T}: fabro_workflow::event::events: Workflow run started workflow="FrameTheProblem" run_id=01KTYPWDZ9WPMRJMYE7KREAN0T
2026-06-12T20:02:57.694719Z  INFO run{id=01KTYPWDZ9WPMRJMYE7KREAN0T}: fabro_workflow::event::events: Run running
2026-06-12T20:02:57.694772Z  INFO run{id=01KTYPWDZ9WPMRJMYE7KREAN0T}: fabro_workflow::lifecycle::fidelity: Fidelity resolved node=start fidelity=compact source="default"
2026-06-12T20:02:57.694843Z  INFO run{id=01KTYPWDZ9WPMRJMYE7KREAN0T}: fabro_workflow::event::events: Stage started node_id="start" stage="Start" index=0 handler_type="start" attempt=1 max_attempts=1
2026-06-12T20:02:57.694922Z  INFO run{id=01KTYPWDZ9WPMRJMYE7KREAN0T}: fabro_workflow::event::events: Stage completed node_id="start" stage="Start" index=0 wall_time_ms=0 active_time_ms=0 inference_time_ms=0 tool_time_ms=0 status="succeeded" attempt=1 max_attempts=1
2026-06-12T20:02:57.694985Z  INFO run{id=01KTYPWDZ9WPMRJMYE7KREAN0T}: fabro_workflow::event::events: Edge selected from_node="start" to_node="locate" label="" reason="unconditional"
2026-06-12T20:02:57.695035Z  INFO run{id=01KTYPWDZ9WPMRJMYE7KREAN0T}: fabro_workflow::event::events: Checkpoint completed node_id="start" status="succeeded" completed_count=1
2026-06-12T20:02:57.695081Z  INFO run{id=01KTYPWDZ9WPMRJMYE7KREAN0T}: fabro_workflow::lifecycle::fidelity: Fidelity resolved node=locate fidelity=compact source="default"
2026-06-12T20:02:57.695128Z  INFO run{id=01KTYPWDZ9WPMRJMYE7KREAN0T}: fabro_workflow::event::events: Stage started node_id="locate" stage="Locate the thread boundary" index=1 handler_type="agent" attempt=1 max_attempts=1
2026-06-12T20:03:27.150705Z  INFO run{id=01KTYPWDZ9WPMRJMYE7KREAN0T}: fabro_workflow::event::events: Stage completed node_id="locate" stage="Locate the thread boundary" index=1 wall_time_ms=29455 active_time_ms=29379 inference_time_ms=29379 tool_time_ms=0 status="succeeded" attempt=1 max_attempts=1
2026-06-12T20:03:27.151968Z  INFO run{id=01KTYPWDZ9WPMRJMYE7KREAN0T}: fabro_workflow::event::events: Edge selected from_node="locate" to_node="extract" label="Proceed" reason="preferred_label"
2026-06-12T20:03:27.152004Z  INFO run{id=01KTYPWDZ9WPMRJMYE7KREAN0T}: fabro_workflow::event::events: Checkpoint completed node_id="locate" status="succeeded" completed_count=2
2026-06-12T20:03:27.152037Z  INFO run{id=01KTYPWDZ9WPMRJMYE7KREAN0T}: fabro_workflow::lifecycle::fidelity: Fidelity resolved node=extract fidelity=compact source="default"
2026-06-12T20:03:27.152072Z  INFO run{id=01KTYPWDZ9WPMRJMYE7KREAN0T}: fabro_workflow::event::events: Stage started node_id="extract" stage="Extract verbatim evidence" index=2 handler_type="agent" attempt=1 max_attempts=1
2026-06-12T20:03:48.310314Z  INFO run{id=01KTYPWDZ9WPMRJMYE7KREAN0T}: fabro_workflow::event::events: Stage completed node_id="extract" stage="Extract verbatim evidence" index=2 wall_time_ms=21158 active_time_ms=21094 inference_time_ms=21094 tool_time_ms=0 status="succeeded" attempt=1 max_attempts=1
2026-06-12T20:03:48.310364Z  INFO run{id=01KTYPWDZ9WPMRJMYE7KREAN0T}: fabro_workflow::event::events: Edge selected from_node="extract" to_node="frame" label="" reason="unconditional"
2026-06-12T20:03:48.310394Z  INFO run{id=01KTYPWDZ9WPMRJMYE7KREAN0T}: fabro_workflow::event::events: Checkpoint completed node_id="extract" status="succeeded" completed_count=3
2026-06-12T20:03:48.310424Z  INFO run{id=01KTYPWDZ9WPMRJMYE7KREAN0T}: fabro_workflow::lifecycle::fidelity: Fidelity resolved node=frame fidelity=compact source="default"
2026-06-12T20:03:48.310460Z  INFO run{id=01KTYPWDZ9WPMRJMYE7KREAN0T}: fabro_workflow::event::events: Stage started node_id="frame" stage="Frame the problems" index=3 handler_type="agent" attempt=1 max_attempts=1
2026-06-12T20:04:53.082525Z  INFO run{id=01KTYPWDZ9WPMRJMYE7KREAN0T}: fabro_workflow::event::events: Stage completed node_id="frame" stage="Frame the problems" index=3 wall_time_ms=64771 active_time_ms=64709 inference_time_ms=64709 tool_time_ms=0 status="succeeded" attempt=1 max_attempts=1
2026-06-12T20:04:53.082806Z  INFO run{id=01KTYPWDZ9WPMRJMYE7KREAN0T}: fabro_workflow::event::events: Edge selected from_node="frame" to_node="relate" label="" reason="unconditional"
2026-06-12T20:04:53.082838Z  INFO run{id=01KTYPWDZ9WPMRJMYE7KREAN0T}: fabro_workflow::event::events: Checkpoint completed node_id="frame" status="succeeded" completed_count=4
2026-06-12T20:04:53.082876Z  INFO run{id=01KTYPWDZ9WPMRJMYE7KREAN0T}: fabro_workflow::lifecycle::fidelity: Fidelity resolved node=relate fidelity=compact source="default"
2026-06-12T20:04:53.082911Z  INFO run{id=01KTYPWDZ9WPMRJMYE7KREAN0T}: fabro_workflow::event::events: Stage started node_id="relate" stage="Relate the problems" index=4 handler_type="agent" attempt=1 max_attempts=1
2026-06-12T20:05:43.083174Z  INFO run{id=01KTYPWDZ9WPMRJMYE7KREAN0T}: fabro_workflow::event::events: Stage completed node_id="relate" stage="Relate the problems" index=4 wall_time_ms=49999 active_time_ms=49897 inference_time_ms=49897 tool_time_ms=0 status="succeeded" attempt=1 max_attempts=1
2026-06-12T20:05:43.083270Z  INFO run{id=01KTYPWDZ9WPMRJMYE7KREAN0T}: fabro_workflow::event::events: Edge selected from_node="relate" to_node="ground" label="" reason="unconditional"
2026-06-12T20:05:43.083319Z  INFO run{id=01KTYPWDZ9WPMRJMYE7KREAN0T}: fabro_workflow::event::events: Checkpoint completed node_id="relate" status="succeeded" completed_count=5
2026-06-12T20:05:43.083362Z  INFO run{id=01KTYPWDZ9WPMRJMYE7KREAN0T}: fabro_workflow::lifecycle::fidelity: Fidelity resolved node=ground fidelity=compact source="default"
2026-06-12T20:05:43.083421Z  INFO run{id=01KTYPWDZ9WPMRJMYE7KREAN0T}: fabro_workflow::event::events: Stage started node_id="ground" stage="Ground - mechanical checks" index=5 handler_type="agent" attempt=1 max_attempts=1
2026-06-12T20:07:33.461301Z  INFO run{id=01KTYPWDZ9WPMRJMYE7KREAN0T}: fabro_workflow::event::events: Stage completed node_id="ground" stage="Ground - mechanical checks" index=5 wall_time_ms=110376 active_time_ms=110290 inference_time_ms=110290 tool_time_ms=0 status="succeeded" attempt=1 max_attempts=1
2026-06-12T20:07:33.461384Z  INFO run{id=01KTYPWDZ9WPMRJMYE7KREAN0T}: fabro_workflow::event::events: Edge selected from_node="ground" to_node="render" label="Pass" reason="preferred_label"
2026-06-12T20:07:33.461431Z  INFO run{id=01KTYPWDZ9WPMRJMYE7KREAN0T}: fabro_workflow::event::events: Checkpoint completed node_id="ground" status="succeeded" completed_count=6
2026-06-12T20:07:33.461483Z  INFO run{id=01KTYPWDZ9WPMRJMYE7KREAN0T}: fabro_workflow::lifecycle::fidelity: Fidelity resolved node=render fidelity=compact source="default"
2026-06-12T20:07:33.461542Z  INFO run{id=01KTYPWDZ9WPMRJMYE7KREAN0T}: fabro_workflow::event::events: Stage started node_id="render" stage="Render the picture and the spoken paragraph" index=6 handler_type="agent" attempt=1 max_attempts=1
2026-06-12T20:09:33.184558Z  INFO run{id=01KTYPWDZ9WPMRJMYE7KREAN0T}: fabro_workflow::event::events: Stage completed node_id="render" stage="Render the picture and the spoken paragraph" index=6 wall_time_ms=119722 active_time_ms=119641 inference_time_ms=119641 tool_time_ms=0 status="succeeded" attempt=1 max_attempts=1
2026-06-12T20:09:33.184634Z  INFO run{id=01KTYPWDZ9WPMRJMYE7KREAN0T}: fabro_workflow::event::events: Edge selected from_node="render" to_node="word_check" label="" reason="unconditional"
2026-06-12T20:09:33.184683Z  INFO run{id=01KTYPWDZ9WPMRJMYE7KREAN0T}: fabro_workflow::event::events: Checkpoint completed node_id="render" status="succeeded" completed_count=7
2026-06-12T20:09:33.184737Z  INFO run{id=01KTYPWDZ9WPMRJMYE7KREAN0T}: fabro_workflow::lifecycle::fidelity: Fidelity resolved node=word_check fidelity=compact source="default"
2026-06-12T20:09:33.184796Z  INFO run{id=01KTYPWDZ9WPMRJMYE7KREAN0T}: fabro_workflow::event::events: Stage started node_id="word_check" stage="Word budget check (wc)" index=7 handler_type="command" attempt=1 max_attempts=1
2026-06-12T20:09:33.200129Z  INFO run{id=01KTYPWDZ9WPMRJMYE7KREAN0T}: fabro_workflow::event::events: Stage completed node_id="word_check" stage="Word budget check (wc)" index=7 wall_time_ms=15 active_time_ms=13 inference_time_ms=0 tool_time_ms=13 status="succeeded" attempt=1 max_attempts=1
2026-06-12T20:09:33.200574Z  INFO run{id=01KTYPWDZ9WPMRJMYE7KREAN0T}: fabro_workflow::event::events: Edge selected from_node="word_check" to_node="self_check" label="" reason="condition"
2026-06-12T20:09:33.200621Z  INFO run{id=01KTYPWDZ9WPMRJMYE7KREAN0T}: fabro_workflow::event::events: Checkpoint completed node_id="word_check" status="succeeded" completed_count=8
2026-06-12T20:09:33.200665Z  INFO run{id=01KTYPWDZ9WPMRJMYE7KREAN0T}: fabro_workflow::lifecycle::fidelity: Fidelity resolved node=self_check fidelity=compact source="default"
2026-06-12T20:09:33.200929Z  INFO run{id=01KTYPWDZ9WPMRJMYE7KREAN0T}: fabro_workflow::event::events: Stage started node_id="self_check" stage="The pause before speaking" index=8 handler_type="agent" attempt=1 max_attempts=1
2026-06-12T20:10:24.962427Z  INFO run{id=01KTYPWDZ9WPMRJMYE7KREAN0T}: fabro_workflow::event::events: Stage completed node_id="self_check" stage="The pause before speaking" index=8 wall_time_ms=51760 active_time_ms=51676 inference_time_ms=51676 tool_time_ms=0 status="succeeded" attempt=1 max_attempts=1
2026-06-12T20:10:24.963407Z  INFO run{id=01KTYPWDZ9WPMRJMYE7KREAN0T}: fabro_workflow::event::events: Edge selected from_node="self_check" to_node="cold_reader" label="Release" reason="preferred_label"
2026-06-12T20:10:24.963483Z  INFO run{id=01KTYPWDZ9WPMRJMYE7KREAN0T}: fabro_workflow::event::events: Checkpoint completed node_id="self_check" status="succeeded" completed_count=9
2026-06-12T20:10:24.963549Z  INFO run{id=01KTYPWDZ9WPMRJMYE7KREAN0T}: fabro_workflow::lifecycle::fidelity: Fidelity resolved node=cold_reader fidelity=compact source="default"
2026-06-12T20:10:24.964009Z  INFO run{id=01KTYPWDZ9WPMRJMYE7KREAN0T}: fabro_workflow::event::events: Stage started node_id="cold_reader" stage="Cold-reader comprehension gate" index=9 handler_type="agent" attempt=1 max_attempts=1
2026-06-12T20:10:59.158248Z  INFO run{id=01KTYPWDZ9WPMRJMYE7KREAN0T}: fabro_workflow::event::events: Stage completed node_id="cold_reader" stage="Cold-reader comprehension gate" index=9 wall_time_ms=34193 active_time_ms=34111 inference_time_ms=34111 tool_time_ms=0 status="succeeded" attempt=1 max_attempts=1
2026-06-12T20:10:59.158661Z  INFO run{id=01KTYPWDZ9WPMRJMYE7KREAN0T}: fabro_workflow::event::events: Edge selected from_node="cold_reader" to_node="exit" label="Done" reason="preferred_label"
2026-06-12T20:10:59.158766Z  INFO run{id=01KTYPWDZ9WPMRJMYE7KREAN0T}: fabro_workflow::event::events: Checkpoint completed node_id="cold_reader" status="succeeded" completed_count=10
2026-06-12T20:10:59.158844Z  INFO run{id=01KTYPWDZ9WPMRJMYE7KREAN0T}: fabro_workflow::event::events: Stage started node_id="exit" stage="Exit" index=10 handler_type="exit" attempt=1 max_attempts=1
2026-06-12T20:10:59.158861Z  INFO run{id=01KTYPWDZ9WPMRJMYE7KREAN0T}: fabro_workflow::event::events: Stage completed node_id="exit" stage="Exit" index=10 wall_time_ms=0 active_time_ms=0 inference_time_ms=0 tool_time_ms=0 status="succeeded" attempt=1 max_attempts=1
2026-06-12T20:10:59.175388Z  INFO run{id=01KTYPWDZ9WPMRJMYE7KREAN0T}: fabro_workflow::event::events: Workflow run completed wall_time_ms=481463 active_time_ms=480810 inference_time_ms=480797 tool_time_ms=13 artifact_count=0 status="succeeded"
2026-06-12T20:10:59.175425Z  INFO run{id=01KTYPWDZ9WPMRJMYE7KREAN0T}: fabro_sandbox::sandbox: Sandbox stop started provider="local"
2026-06-12T20:10:59.175445Z  INFO run{id=01KTYPWDZ9WPMRJMYE7KREAN0T}: fabro_sandbox::sandbox: Sandbox stop completed provider="local" duration_ms=0
